remoteDiag.c:143:6:ledBlink	0	static
remoteDiag.c:18:6:findRenesesImgAddr	8	static
remoteDiag.c:34:6:suspendRemoteTask	8	static
remoteDiag.c:39:6:resumeRemoteTask	8	static
remoteDiag.c:44:6:display_hdcpRd	16	static
remoteDiag.c:66:6:display_sControlMessage	16	static
remoteDiag.c:89:6:initPurifierQueueDataHandle	8	static
remoteDiag.c:102:6:initMutexBleSend	8	static
remoteDiag.c:109:19:getMutexBleSend	0	static
remoteDiag.c:113:15:getPurifierQueueDataHandle	0	static
remoteDiag.c:117:6:payloadToString	32	static
remoteDiag.c:125:5:renesasUpdateInit	0	static
remoteDiag.c:130:6:bleWifi_ledOn	0	static
remoteDiag.c:135:6:bleWifi_ledOff	0	static
remoteDiag.c:157:6:renesasFiwareUpdate	160	static
remoteDiag.c:171:5:isRenesasUpdateinProgress	0	static
remoteDiag.c:177:6:validateChecksum	16	static
remoteDiag.c:194:6:makeARQOrReqNext	12	static
remoteDiag.c:205:6:sendDataToApp	16	static
remoteDiag.c:235:6:setDefaultTemperatures	32	static
remoteDiag.c:258:6:runRemoteDiagTask	1336	static
remoteDiag.c:706:6:startRemoteDiagTask	16	static
