wifi_conf.c:305:13:wifi_no_network_hdl	0	static
wifi_conf.c:1490:13:wifi_ap_sta_disassoc_hdl	0	static
wifi_conf.c:1799:6:wifi_scan_done_hdl	88	static
wifi_conf.c:342:13:wifi_handshake_done_hdl	0	static
wifi_conf.c:317:13:wifi_connected_hdl	8	static
wifi_conf.c:355:13:wifi_disconn_hdl	8	static
wifi_conf.c:1734:6:wifi_scan_each_report_hdl	32	static
wifi_conf.c:2409:6:wifi_autoreconnect_hdl	16	static
wifi_conf.c:1480:13:wifi_ap_sta_assoc_hdl	0	static
wifi_conf.c:294:6:wifi_rx_beacon_hdl	0	static
wifi_conf.c:852:5:wifi_disconnect	16	static
wifi_conf.c:868:5:wifi_is_connected_to_ap	0	static
wifi_conf.c:874:5:wifi_is_up	8	static
wifi_conf.c:901:5:wifi_is_ready_to_transceive	8	static
wifi_conf.c:923:5:wifi_set_mac_address	40	static
wifi_conf.c:931:5:wifi_get_mac_address	48	static
wifi_conf.c:943:5:wifi_enable_powersave	0	static
wifi_conf.c:948:5:wifi_resume_powersave	0	static
wifi_conf.c:953:5:wifi_disable_powersave	0	static
wifi_conf.c:958:6:wifi_btcoex_set_bt_on	0	static
wifi_conf.c:963:6:wifi_btcoex_set_bt_off	0	static
wifi_conf.c:998:5:wifi_get_associated_client_list	48	static
wifi_conf.c:1019:5:wifi_get_ap_bssid	8	static
wifi_conf.c:1029:5:wifi_get_ap_info	40	static
wifi_conf.c:1050:5:wifi_get_drv_ability	0	static
wifi_conf.c:1056:5:wifi_set_country	0	static
wifi_conf.c:1066:5:wifi_set_channel_plan	32	static
wifi_conf.c:1078:5:wifi_get_channel_plan	48	static
wifi_conf.c:1093:5:wifi_get_sta_max_data_rate	0	static
wifi_conf.c:1099:5:wifi_get_rssi	0	static
wifi_conf.c:1105:5:wifi_get_snr	0	static
wifi_conf.c:1111:5:wifi_set_channel	0	static
wifi_conf.c:1116:5:wifi_get_channel	0	static
wifi_conf.c:1122:5:wifi_register_multicast_address	0	static
wifi_conf.c:1127:5:wifi_unregister_multicast_address	0	static
wifi_conf.c:1133:29:wifi_set_mib	8	static
wifi_conf.c:1142:29:wifi_set_country_code	0	static
wifi_conf.c:1148:5:wifi_rf_on	0	static
wifi_conf.c:1156:5:wifi_rf_off	0	static
wifi_conf.c:1165:5:wifi_on	32	static
wifi_conf.c:1251:5:wifi_off	8	static
wifi_conf.c:1306:5:wifi_off_fastly	8	static
wifi_conf.c:1324:5:wifi_set_mode	64	static
wifi_conf.c:1439:5:wifi_set_power_mode	0	static
wifi_conf.c:1444:5:wifi_set_tdma_param	16	static
wifi_conf.c:1449:5:wifi_set_lps_dtim	0	static
wifi_conf.c:1454:5:wifi_get_lps_dtim	0	static
wifi_conf.c:1460:5:wifi_set_lps_thresh	0	static
wifi_conf.c:1465:5:wifi_set_beacon_mode	0	static
wifi_conf.c:1469:5:wifi_set_lps_level	0	static
wifi_conf.c:1474:5:wifi_radio_off_directly	0	static
wifi_conf.c:1500:5:wifi_get_last_error	0	static
wifi_conf.c:1510:5:wifi_set_mfp_support	0	static
wifi_conf.c:1529:5:wifi_start_ap	56	static
wifi_conf.c:1647:5:wifi_start_ap_with_hidden_ssid	56	static
wifi_conf.c:1835:5:wifi_scan	24	static
wifi_conf.c:1865:5:wifi_scan_networks_with_ssid	48	static
wifi_conf.c:1952:5:wifi_scan_networks	24	static
wifi_conf.c:2030:5:wifi_set_pscan_chan	0	static
wifi_conf.c:2039:5:wifi_get_setting	32	static
wifi_conf.c:430:6:restore_wifi_info_to_flash	296	static
wifi_conf.c:518:5:wifi_connect	168	static
wifi_conf.c:2376:13:wifi_autoreconnect_thread	32	static
wifi_conf.c:722:5:wifi_connect_bssid	80	static
wifi_conf.c:2097:5:wifi_show_setting	8	static
wifi_conf.c:2173:5:wifi_set_network_mode	0	static
wifi_conf.c:2181:5:wifi_get_network_mode	0	static
wifi_conf.c:2189:5:wifi_set_wps_phase	0	static
wifi_conf.c:2195:5:wifi_set_promisc	0	static
wifi_conf.c:2200:6:wifi_enter_promisc_mode	64	static
wifi_conf.c:2233:5:wifi_restart_ap	176	static
wifi_conf.c:2426:5:wifi_config_autoreconnect	8	static
wifi_conf.c:2435:5:wifi_set_autoreconnect	0	static
wifi_conf.c:2441:5:wifi_get_autoreconnect	0	static
wifi_conf.c:2498:5:wifi_add_custom_ie	0	static
wifi_conf.c:2504:5:wifi_update_custom_ie	0	static
wifi_conf.c:2509:5:wifi_del_custom_ie	0	static
wifi_conf.c:2524:6:wifi_init_packet_filter	0	static
wifi_conf.c:2529:5:wifi_add_packet_filter	0	static
wifi_conf.c:2534:5:wifi_enable_packet_filter	0	static
wifi_conf.c:2539:5:wifi_disable_packet_filter	0	static
wifi_conf.c:2544:5:wifi_remove_packet_filter	0	static
wifi_conf.c:2549:5:wifi_retransmit_packet_filter	0	static
wifi_conf.c:2555:6:wifi_filter_by_ap_and_phone_mac	0	static
wifi_conf.c:2560:5:wifi_promisc_ctrl_packet_rpt	0	static
wifi_conf.c:2569:5:wifi_enable_forwarding	0	static
wifi_conf.c:2574:5:wifi_disable_forwarding	0	static
wifi_conf.c:2584:5:wifi_set_ch_deauth	0	static
wifi_conf.c:2590:6:wifi_set_indicate_mgnt	8	static
wifi_conf.c:2599:6:wifi_set_lowrssi_use_b	0	static
wifi_conf.c:2662:5:wifi_set_tcp_keep_alive_offload	0	static
wifi_conf.c:2809:5:wifi_wlan_redl_fw	0	static
wifi_conf.c:2818:5:wifi_wowlan_ctrl	0	static
wifi_conf.c:2846:5:wifi_rf_contrl	0	static
wifi_conf.c:2860:10:wifi_get_tsf_low	0	static
wifi_conf.c:2870:5:wifi_clear_all_ssid	168	static
