atcmd_wifi.c:1442:6:fATWw	0	static
atcmd_wifi.c:1423:6:fATWW	0	static
atcmd_wifi.c:2905:6:fATWL	0	static
atcmd_wifi.c:2953:6:fATWT	0	static
atcmd_wifi.c:2991:6:fATWU	0	static
atcmd_wifi.c:370:6:fATWQ	16	static
atcmd_wifi.c:790:6:fATW5	16	static
atcmd_wifi.c:401:6:fATWS	128	static
atcmd_wifi.c:518:6:fATWx	1208	static
atcmd_wifi.c:677:6:fATW0	24	static
atcmd_wifi.c:695:6:fATW1	24	static
atcmd_wifi.c:771:6:fATW4	24	static
atcmd_wifi.c:807:6:fATW6	56	static
atcmd_wifi.c:1250:6:fATWR	16	static
atcmd_wifi.c:1261:6:fATWY	16	static
atcmd_wifi.c:1405:6:fATWM	56	static
atcmd_wifi.c:1569:6:fATWZ	56	static
atcmd_wifi.c:1619:6:fATXP	88	static
atcmd_wifi.c:230:21:app_scan_result_handler	40	static
atcmd_wifi.c:723:6:fATW2	16	static
atcmd_wifi.c:745:6:fATW3	24	static
atcmd_wifi.c:829:6:fATW7	16	static
atcmd_wifi.c:1269:6:fATWP	8	static
atcmd_wifi.c:2930:6:fATWI	56	static
atcmd_wifi.c:293:6:fATWD	64	static
atcmd_wifi.c:1306:6:fATWB	72	static
atcmd_wifi.c:1048:6:fATWC	64	static
atcmd_wifi.c:850:6:fATWA	96	static
atcmd_wifi.c:219:6:displayScannedSSIDS	24	static
atcmd_wifi.c:1726:6:print_wlan_help	8	static
atcmd_wifi.c:3148:6:at_wifi_init	24	static
