fan.c:442:6:sendpowervd	40	static
fan.c:344:6:displayDataUC	16	static
fan.c:355:15:vdChecksum	20	static
fan.c:389:6:initGpioPins	16	static
fan.c:402:6:initialize_HDCP_Uart	40	static
fan.c:419:6:displayData	16	static
fan.c:433:6:send_heartbeat	40	static
fan.c:450:6:Initheartbeat	8	static
fan.c:456:6:vdHeartbeatTask	0	static
fan.c:461:6:sendTimeoutvd	32	static
fan.c:478:6:superfan_rpm	48	static
fan.c:488:6:superfan_low_speed	48	static
fan.c:550:6:rr_low_med_speed	0	static
fan.c:576:6:superfan_medium_speed	192	static
fan.c:624:6:rr_med_high_speed	0	static
fan.c:649:6:superfan_high_speed	192	static
fan.c:802:6:superfan_switchOn	184	static
fan.c:857:6:superfan_switchOff	184	static
fan.c:923:6:superfan_acmix	184	static
fan.c:945:6:superfan_acfan	0	static
fan.c:959:6:superfan_wellness	184	static
fan.c:983:6:superfan_Eco_Mode	184	static
fan.c:1005:6:superfan_Reverse	184	static
fan.c:1034:6:reverse_off	0	static
fan.c:1046:6:superfan_Breeze_mode	192	static
fan.c:1082:6:rr_mob_mode	0	static
fan.c:1095:6:rr_boost_mode	0	static
fan.c:1120:6:rr_sleep_mode	0	static
fan.c:1139:6:sleep_mode_on	0	static
fan.c:1148:6:sleep_mode_off	0	static
fan.c:1157:6:led_on	0	static
fan.c:1173:6:led_off	0	static
fan.c:1189:6:superfan_Fine_tune_mode	192	static
fan.c:1210:6:superfan_normalmode	0	static
fan.c:1230:6:superfan_Timer	0	static
fan.c:1252:6:rr_Timer	0	static
fan.c:1283:6:vguard_timer	32	static
fan.c:1293:6:buzzermuteon	40	static
fan.c:1303:6:buzzermuteoff	40	static
fan.c:1313:6:speedregulator	32	static
fan.c:1323:6:breezeregulator	32	static
fan.c:1334:6:initializeFan	24	static
fan.c:1339:6:init_fan	32	static
fan.c:1347:6:set_fan_speed	16	static
fan.c:1356:6:step_up_fan_speed	16	static
fan.c:1402:6:step_down_fan_speed	8	static
