ac.c:208:6:SendHeartBeat_Amb	24	static
ac.c:41:6:printBits	16	static
ac.c:57:15:modifyBit	8	static
ac.c:94:6:getCurrentTemp	72	static
ac.c:216:6:Initheartbeat_Amb	8	static
ac.c:222:6:AmbHeartbeatTask	0	static
ac.c:227:6:switchOnAC	192	static
ac.c:277:6:switchOffAC	192	static
ac.c:332:6:chillModeAC	192	static
ac.c:383:6:comfortModeAC	192	static
ac.c:433:6:incTempAC	192	static
ac.c:483:6:decTempAC	192	static
ac.c:524:6:autospeedAC	0	static
ac.c:536:6:lowSpeedAC	192	static
ac.c:589:6:midSpeedAC	192	static
ac.c:642:6:highSpeedAC	192	static
ac.c:695:6:dryModeAC	192	static
ac.c:754:6:hotModeAC	0	static
ac.c:767:6:coolModeAC	192	static
ac.c:826:6:autoModeAC	192	static
ac.c:885:6:fanModeAC	192	static
ac.c:936:6:swingVerticalOn	0	static
ac.c:988:6:swingVerticalOff	0	static
ac.c:1037:6:swingHorizontalOn	0	static
ac.c:1089:6:swingHorizontalOff	0	static
ac.c:1138:6:turboOn	0	static
ac.c:1187:6:turboOff	0	static
ac.c:1234:6:sleepOn	0	static
ac.c:1291:6:sleepOff	0	static
ac.c:1347:6:setTimer	0	static
ac.c:1400:6:cancelAllTimer	0	static
ac.c:1436:6:condaOn	0	static
ac.c:1469:6:condaOff	0	static
ac.c:1502:6:echoOn	0	static
ac.c:1555:6:echoOff	0	static
ac.c:1609:6:displayOn	0	static
ac.c:1664:6:displayOff	0	static
ac.c:1719:6:heatModeAc	0	static
ac.c:1739:6:windModeAC	0	static
ac.c:1875:6:step_up_fan_speed_ac	0	static
ac.c:1914:6:step_down_fan_speed_ac	0	static
