packets.c:189:6:ble_state_machine_init	16	static
packets.c:200:6:isDuplicateSSID	24	static
packets.c:216:6:wifiAction	152	static
packets.c:335:6:factoryReset	8	static
packets.c:342:6:sendAckToApp	0	static
packets.c:407:6:ble_diag	72	static
packets.c:428:6:app_task_dead	16	static
packets.c:434:22:add_new_file_struct	48	static
packets.c:466:14:free_all_files	16	static
packets.c:477:14:free_all_resources	16	static
packets.c:483:10:swapEndianness32	0	static
packets.c:490:10:swapEndianness16	0	static
packets.c:494:6:swapStructEndianness	16	static
packets.c:507:6:rebootIfRequired	8	static
packets.c:521:6:unpack	16	static
packets.c:534:6:pack	0	static
packets.c:539:6:print	48	static
packets.c:560:6:ble_password	72	static
packets.c:755:6:resetMetaData	8	static
packets.c:794:6:initMetaData	16	static
packets.c:813:6:printMetaData	8	static
packets.c:828:6:init	8	static
packets.c:867:6:deserialize	16	static
packets.c:892:6:printDevState	8	static
packets.c:918:6:getDevState	56	static
packets.c:1034:22:initDevInfo	16	static
packets.c:1065:6:initBuffer	32	static
packets.c:1121:6:fillBuffer	24	static
packets.c:1148:6:flashWriteRenesesData	24	static
packets.c:1159:5:flashReadRenesesData	16	static
packets.c:1166:5:flashEraseSector	8	static
packets.c:1174:5:ReadOtaData	16	static
packets.c:1188:5:verify_flash_image	600	static
packets.c:1293:6:HoagsOTA	128	static
packets.c:1378:6:fanPowerControl	24	static
packets.c:1427:6:fanIncreaseSpeed	0	static
packets.c:1432:6:fanDecreaseSpeed	0	static
packets.c:1438:6:fanModeControl	16	static
packets.c:1559:6:fanTimerControl	24	static
packets.c:1584:6:fanvguardled	24	static
packets.c:1604:6:fanvguardbuzzer	24	static
packets.c:1624:6:fanvguardreverse	24	static
packets.c:1644:6:fanregulatorControl	24	static
packets.c:1659:6:fanbreezeControl	24	static
packets.c:1675:6:Rpmfan	24	static
packets.c:1689:6:fandownTimerControl	24	static
packets.c:1719:6:fanSpeedControl	24	static
packets.c:1787:6:controlFan	24	static
packets.c:1845:6:controlPurifier	56	static
packets.c:2258:6:action	40	static
